[48;2;15;15;20m                                        [m[48;2;15;15;20m                                        [m
[48;2;15;15;20m                                        [m[48;2;15;15;20m                                        [m
[48;2;15;15;20m                                        [m[48;2;15;15;20m                                        [m
[48;2;15;15;20m                                        [m[48;2;15;15;20m                                        [m
[48;2;15;15;20m                                        [m[48;2;15;15;20m                                        [m
[48;2;15;15;20m                                        [m[48;2;15;15;20m                                        [m
[48;2;15;15;20m                                        [m[48;2;15;15;20m                                        [m
[48;2;15;15;20m                                        [m[48;2;15;15;20m                                        [m
[48;2;15;15;20m                                        [m[48;2;15;15;20m                                        [m
[48;2;15;15;20m                                        [m[48;2;15;15;20m                                        [m
[48;2;15;15;20m                        [m[38;2;237;237;237;48;2;15;15;20m          [48;2;125;86;244m [m[1;38;2;15;15;20;48;2;125;86;244m GACT TUI [m[48;2;125;86;244m [m          [m[48;2;15;15;20m                        [m
[48;2;15;15;20m                        [m[38;2;237;237;237;48;2;15;15;20m                                [m[48;2;15;15;20m                        [m
[48;2;15;15;20m                        [m[38;2;237;237;237;48;2;15;15;20m[38;2;124;127;139mConnecting to http://test.local…[m[m[48;2;15;15;20m                        [m
[48;2;15;15;20m                                        [m[48;2;15;15;20m                                        [m
[48;2;15;15;20m                                        [m[48;2;15;15;20m                                        [m
[48;2;15;15;20m                                        [m[48;2;15;15;20m                                        [m
[48;2;15;15;20m                                        [m[48;2;15;15;20m                                        [m
[48;2;15;15;20m                                        [m[48;2;15;15;20m                                        [m
[48;2;15;15;20m                                        [m[48;2;15;15;20m                                        [m
[48;2;15;15;20m                                        [m[48;2;15;15;20m                                        [m
[48;2;15;15;20m                                        [m[48;2;15;15;20m                                        [m
[48;2;15;15;20m                                        [m[48;2;15;15;20m                                        [m
[48;2;15;15;20m                                        [m[48;2;15;15;20m                                        [m
[48;2;15;15;20m                                        [m[48;2;15;15;20m                                        [m